producer_class	xtools.gsea.Gsea
producer_timestamp	1690669524354
param	zip_report	false
param	num	100
param	scoring_scheme	weighted
param	norm	meandiv
param	out	/Users/masonclark/Dropbox/Mac/Desktop/rnaseq_dealk/Data/RNA_seq/sequence_data/my_analysis/new_r_analysis_071322/normalized_data_analyses/GSEA_BROAD
param	mode	Max_probe
param	include_only_symbols	false
param	set_max	500
param	gmx	/Users/masonclark/Dropbox/Mac/Desktop/rnaseq_dealk/Data/RNA_seq/sequence_data/my_analysis/new_r_analysis_071322/normalized_data_analyses/GSEA_BROAD/HzeaGOALL3.gmt
param	plot_top_x	1000
param	nperm	1000
param	order	descending
param	rnd_seed	timestamp
param	rpt_label	CmpChl24_midgut_GSEA
param	set_min	15
param	res	/Users/masonclark/Dropbox/Mac/Desktop/rnaseq_dealk/Data/RNA_seq/sequence_data/my_analysis/new_r_analysis_071322/normalized_data_analyses/GSEA_BROAD/CmpChl24_midgut_GSEA.gct
param	chip	/Users/masonclark/Dropbox/Mac/Desktop/rnaseq_dealk/Data/RNA_seq/sequence_data/my_analysis/new_r_analysis_071322/normalized_data_analyses/GSEA_BROAD/chip_file.chip
param	create_svgs	true
param	cls	/Users/masonclark/Dropbox/Mac/Desktop/rnaseq_dealk/Data/RNA_seq/sequence_data/my_analysis/new_r_analysis_071322/normalized_data_analyses/GSEA_BROAD/cmp24_phenotype.cls#cmp_versus_chl
param	sort	real
param	create_gcts	false
param	help	false
param	save_rnd_lists	false
param	median	false
param	metric	Signal2Noise
param	make_sets	true
param	rnd_type	no_balance
param	gui	false
param	permute	gene_set
param	collapse	No_Collapse

file	/Users/masonclark/Dropbox/Mac/Desktop/rnaseq_dealk/Data/RNA_seq/sequence_data/my_analysis/new_r_analysis_071322/normalized_data_analyses/GSEA_BROAD/CmpChl24_midgut_GSEA.Gsea.1690669524354/index.html
